node.exe :  ΓÜá Invalid 
next.config.ts options 
detected: 
At line:1 char:1
+ & "C:\Program 
Files\nodejs/node.exe" "C:\Us
ers\vivek\AppData\Roaming\ 
...
+ ~~~~~~~~~~~~~~~~~~~~~~~~~~~
~~~~~~~~~~~~~~~~~~~~~~~~~~~~~
~~~~~~~~~~~~~
    + CategoryInfo           
   : NotSpeci    fied: ( ΓÜá 
Inval    id ne...ions dete   
 cted: :String) []    , 
RemoteException
    + FullyQualifiedE    
rrorId : NativeCo    
mmandError
 
 ΓÜá     Unrecognized key(s) 
in object: 'swcMinify'
 ΓÜá See more info here: http
s://nextjs.org/docs/messages/
invalid-next-config
   Γû▓ Next.js 15.3.6
   - Environments: .env

   Creating an optimized production build ...
 Γ£ô (pwa) Compiling for server...
 Γ£ô (pwa) Compiling for server...
 Γ£ô (pwa) Compiling for client (static)...
 Γùï (pwa) Service worker: C:\Users\vivek\EduClientIITM\public\sw.js
 Γùï (pwa)   URL: /sw.js
 Γùï (pwa)   Scope: /
 Γ£ô Compiled successfully in 22.0s
   Linting and checking validity of types ...

Failed to compile.

./app/dashboard/instructor/pr
ofile/page.tsx
337:11  Warning: Using 
`<img>` could result in 
slower LCP and higher 
bandwidth. Consider using 
`<Image />` from 
`next/image` or a custom 
image loader to 
automatically optimize 
images. This may incur 
additional usage or cost 
from your provider. See: http
s://nextjs.org/docs/messages/
no-img-element  
@next/next/no-img-element

./app/dashboard/instructor/se
ssions/[stream_id]/page.tsx
116:6  Warning: React Hook 
useMemo has a missing 
dependency: 'instructor'. 
Either include it or remove 
the dependency array.  
react-hooks/exhaustive-deps

./app/dashboard/student/sessi
ons/[stream_id]/page.tsx
116:6  Warning: React Hook 
useMemo has a missing 
dependency: 'student'. 
Either include it or remove 
the dependency array.  
react-hooks/exhaustive-deps

./app/onboarding/components/p
ricing.tsx
79:62  Error: `'` can be 
escaped with `&apos;`, 
`&lsquo;`, `&#39;`, 
`&rsquo;`.  
react/no-unescaped-entities

./app/onboarding/components/s
ubjectsSelector.tsx
98:3  Error: 'onBack' is 
defined but never used.  @typ
escript-eslint/no-unused-vars

./app/onboarding/instructor/p
age.tsx
9:10  Error: 'useEffect' is 
defined but never used.  @typ
escript-eslint/no-unused-vars
149:10  Error: 
'PeekingStudent' is defined 
but never used.  @typescript-
eslint/no-unused-vars
414:9  Error: 'isMobile' is 
assigned a value but never 
used.  @typescript-eslint/no-
unused-vars
417:10  Error: 'studentMood' 
is assigned a value but 
never used.  @typescript-esli
nt/no-unused-vars

info  - Need to disable some 
ESLint rules? Learn more 
here: https://nextjs.org/docs
/app/api-reference/config/esl
int#disabling-rules
